// Jest Snapshot v1, https://goo.gl/fbAQLP

exports[`ResultSection component matches snapshot 1`] = `
<DocumentFragment>
  <div>
    <h1>
      抽獎結果
    </h1>
  </div>
</DocumentFragment>
`;
