// Jest Snapshot v1, https://goo.gl/fbAQLP

exports[`UsersSection component matches snapshot 1`] = `
<DocumentFragment>
  <div>
    <h1>
      參與抽獎名單
    </h1>
    <div
      class="sc-eCssSg hdMxnt"
    >
      <div
        class="sc-bdfBwQ fckRnc"
      >
        <div
          class="sc-gsTCUz dpEyqO"
        >
          <div
            class="sc-hKgILt eCVQLM"
            name="Kevin"
          />
        </div>
        <div
          class="sc-dlfnbm lgaWeB"
        >
          1. Kevin
        </div>
      </div>
      <div
        class="sc-bdfBwQ fckRnc"
      >
        <div
          class="sc-gsTCUz dpEyqO"
        >
          <div
            class="sc-hKgILt QiaJO"
            name="Steve"
          />
        </div>
        <div
          class="sc-dlfnbm lgaWeB"
        >
          2. Steve
        </div>
      </div>
      <div
        class="sc-bdfBwQ fckRnc"
      >
        <div
          class="sc-gsTCUz dpEyqO"
        >
          <div
            class="sc-hKgILt dXGOUY"
            name="Calvin"
          />
        </div>
        <div
          class="sc-dlfnbm lgaWeB"
        >
          3. Calvin
        </div>
      </div>
      <div
        class="sc-bdfBwQ fckRnc"
      >
        <div
          class="sc-gsTCUz dpEyqO"
        >
          <div
            class="sc-hKgILt klPyyw"
            name="Diana"
          />
        </div>
        <div
          class="sc-dlfnbm lgaWeB"
        >
          4. Diana
        </div>
      </div>
      <div
        class="sc-bdfBwQ fckRnc"
      >
        <div
          class="sc-gsTCUz dpEyqO"
        >
          <div
            class="sc-hKgILt elvIAn"
            name="Joe"
          />
        </div>
        <div
          class="sc-dlfnbm lgaWeB"
        >
          5. Joe
        </div>
      </div>
      <div
        class="sc-bdfBwQ fckRnc"
      >
        <div
          class="sc-gsTCUz dpEyqO"
        >
          <div
            class="sc-hKgILt bmcZWg"
            name="Jack"
          />
        </div>
        <div
          class="sc-dlfnbm lgaWeB"
        >
          6. Jack
        </div>
      </div>
      <div
        class="sc-bdfBwQ fckRnc"
      >
        <div
          class="sc-gsTCUz dpEyqO"
        >
          <div
            class="sc-hKgILt gTgzjB"
            name="Ray"
          />
        </div>
        <div
          class="sc-dlfnbm lgaWeB"
        >
          7. Ray
        </div>
      </div>
      <div
        class="sc-bdfBwQ fckRnc"
      >
        <div
          class="sc-gsTCUz dpEyqO"
        >
          <div
            class="sc-hKgILt dVoujR"
            name="Allen"
          />
        </div>
        <div
          class="sc-dlfnbm lgaWeB"
        >
          8. Allen
        </div>
      </div>
      <div
        class="sc-bdfBwQ fckRnc"
      >
        <div
          class="sc-gsTCUz dpEyqO"
        >
          <div
            class="sc-hKgILt mmURj"
            name="Zoe"
          />
        </div>
        <div
          class="sc-dlfnbm lgaWeB"
        >
          9. Zoe
        </div>
      </div>
      <div
        class="sc-bdfBwQ fckRnc"
      >
        <div
          class="sc-gsTCUz dpEyqO"
        >
          <div
            class="sc-hKgILt bYFysD"
            name="James"
          />
        </div>
        <div
          class="sc-dlfnbm lgaWeB"
        >
          10. James
        </div>
      </div>
    </div>
  </div>
</DocumentFragment>
`;
